Component: ARM Compiler 5.05 update 2 (build 169) Tool: armlink [4d0f33]

==============================================================================

Section Cross References



==============================================================================

Image Symbol Table

    Local Symbols

    Symbol Name                              Value     Ov Type        Size  Object(Section)

    blinky.s                                 0x00000000   Number         0  blinky.o ABSOLUTE
    RESET                                    0x40000000   Section      160  blinky.o(RESET)

    Global Symbols

    Symbol Name                              Value     Ov Type        Size  Object(Section)

    BuildAttributes$$THM_ISAv1$ARM_ISAv4$S$PE$A:L22$X:L11$S22$IEEE1$IW$USESV6$~STKCKD$USESV7$~SHL$OSPACE$EBA8$STANDARDLIB$PRES8$EABIv2 0x00000000   Number         0  anon$$obj.o ABSOLUTE



==============================================================================

Memory Map of the image

  Image Entry point : 0x40000000

  Load Region LR_ROM1 (Base: 0x40000000, Size: 0x000000a0, Max: 0x00010000, ABSOLUTE)

    Execution Region ER_ROM1 (Base: 0x40000000, Size: 0x000000a0, Max: 0x00008000, ABSOLUTE)

    Base Addr    Size         Type   Attr      Idx    E Section Name        Object

    0x40000000   0x000000a0   Code   RO            1  * RESET               blinky.o


    Execution Region RW_RAM1 (Base: 0x40008000, Size: 0x00000000, Max: 0x00008000, ABSOLUTE)

    **** No section assigned to this execution region ****


==============================================================================

Image component sizes


      Code (inc. data)   RO Data    RW Data    ZI Data      Debug   Object Name

       160         28          0          0          0        260   blinky.o

    ----------------------------------------------------------------------
       160         28          0          0          0        260   Object Totals
         0          0          0          0          0          0   (incl. Generated)
         0          0          0          0          0          0   (incl. Padding)

    ----------------------------------------------------------------------
         0          0          0          0          0          0   Library Totals
         0          0          0          0          0          0   (incl. Padding)

    ----------------------------------------------------------------------

==============================================================================


      Code (inc. data)   RO Data    RW Data    ZI Data      Debug   

       160         28          0          0          0        260   Grand Totals
       160         28          0          0          0        260   ELF Image Totals
       160         28          0          0          0          0   ROM Totals

==============================================================================

    Total RO  Size (Code + RO Data)                  160 (   0.16kB)
    Total RW  Size (RW Data + ZI Data)                 0 (   0.00kB)
    Total ROM Size (Code + RO Data + RW Data)        160 (   0.16kB)

==============================================================================

