Component: ARM Compiler 5.05 update 2 (build 169) Tool: armlink [4d0f33]

==============================================================================

Section Cross References

    button-int.o(RESET) refers to button-int.o(TestData) for count


==============================================================================

Image Symbol Table

    Local Symbols

    Symbol Name                              Value     Ov Type        Size  Object(Section)

    RESET                                    0x00000000   Section      332  button-int.o(RESET)
    button-int.s                             0x00000000   Number         0  button-int.o ABSOLUTE
    Button_Handler                           0x000000ec   ARM Code       0  button-int.o(RESET)
    TestData                                 0x40000000   Section        4  button-int.o(TestData)
    count                                    0x40000000   Data           4  button-int.o(TestData)

    Global Symbols

    Symbol Name                              Value     Ov Type        Size  Object(Section)

    BuildAttributes$$THM_ISAv1$ARM_ISAv4$S$PE$A:L22$X:L11$S22$IEEE1$IW$USESV6$~STKCKD$USESV7$~SHL$OSPACE$EBA8$STANDARDLIB$EABIv2 0x00000000   Number         0  anon$$obj.o ABSOLUTE



==============================================================================

Memory Map of the image

  Image Entry point : 0x00000000

  Load Region LR_IROM1 (Base: 0x00000000, Size: 0x00000150, Max: 0x00080000, ABSOLUTE)

    Execution Region ER_IROM1 (Base: 0x00000000, Size: 0x0000014c, Max: 0x00080000, ABSOLUTE)

    Base Addr    Size         Type   Attr      Idx    E Section Name        Object

    0x00000000   0x0000014c   Code   RO            1  * RESET               button-int.o


    Execution Region RW_IRAM1 (Base: 0x40000000, Size: 0x00000004, Max: 0x00010000, ABSOLUTE, UNINIT)

    Base Addr    Size         Type   Attr      Idx    E Section Name        Object

    0x40000000   0x00000004   Data   RW            2    TestData            button-int.o


==============================================================================

Image component sizes


      Code (inc. data)   RO Data    RW Data    ZI Data      Debug   Object Name

       332         48          0          4          0        332   button-int.o

    ----------------------------------------------------------------------
       332         48          0          4          0        332   Object Totals
         0          0          0          0          0          0   (incl. Generated)
         0          0          0          0          0          0   (incl. Padding)

    ----------------------------------------------------------------------
         0          0          0          0          0          0   Library Totals
         0          0          0          0          0          0   (incl. Padding)

    ----------------------------------------------------------------------

==============================================================================


      Code (inc. data)   RO Data    RW Data    ZI Data      Debug   

       332         48          0          4          0        332   Grand Totals
       332         48          0          4          0        332   ELF Image Totals
       332         48          0          4          0          0   ROM Totals

==============================================================================

    Total RO  Size (Code + RO Data)                  332 (   0.32kB)
    Total RW  Size (RW Data + ZI Data)                 4 (   0.00kB)
    Total ROM Size (Code + RO Data + RW Data)        336 (   0.33kB)

==============================================================================

