Component: ARM Compiler 5.05 update 2 (build 169) Tool: armlink [4d0f33]

==============================================================================

Section Cross References

    lab2-subroutines.o(RESET) refers to lab2-subroutines.o(globals) for BUFFER


==============================================================================

Image Symbol Table

    Local Symbols

    Symbol Name                              Value     Ov Type        Size  Object(Section)

    RESET                                    0x00000000   Section      608  lab2-subroutines.o(RESET)
    lab2-subroutines.s                       0x00000000   Number         0  lab2-subroutines.o ABSOLUTE
    ARR_A                                    0x000001a8   Data          16  lab2-subroutines.o(RESET)
    ARR_B                                    0x000001e8   Data          16  lab2-subroutines.o(RESET)
    globals                                  0x40000000   Section       48  lab2-subroutines.o(globals)
    BUFFER                                   0x40000000   Data          32  lab2-subroutines.o(globals)
    ARR_R                                    0x40000020   Data          16  lab2-subroutines.o(globals)

    Global Symbols

    Symbol Name                              Value     Ov Type        Size  Object(Section)

    BuildAttributes$$THM_ISAv1$ARM_ISAv4$S$PE$A:L22$X:L11$S22$IEEE1$IW$USESV6$~STKCKD$USESV7$~SHL$OSPACE$EBA8$STANDARDLIB$EABIv2 0x00000000   Number         0  anon$$obj.o ABSOLUTE



==============================================================================

Memory Map of the image

  Image Entry point : 0x00000000

  Load Region LR_IROM1 (Base: 0x00000000, Size: 0x00000290, Max: 0x00080000, ABSOLUTE)

    Execution Region ER_IROM1 (Base: 0x00000000, Size: 0x00000260, Max: 0x00080000, ABSOLUTE)

    Base Addr    Size         Type   Attr      Idx    E Section Name        Object

    0x00000000   0x00000260   Code   RO            2  * RESET               lab2-subroutines.o


    Execution Region RW_IRAM1 (Base: 0x40000000, Size: 0x00000030, Max: 0x00010000, ABSOLUTE, UNINIT)

    Base Addr    Size         Type   Attr      Idx    E Section Name        Object

    0x40000000   0x00000030   Data   RW            1    globals             lab2-subroutines.o


==============================================================================

Image component sizes


      Code (inc. data)   RO Data    RW Data    ZI Data      Debug   Object Name

       608        184          0         48          0        376   lab2-subroutines.o

    ----------------------------------------------------------------------
       608        184          0         48          0        376   Object Totals
         0          0          0          0          0          0   (incl. Generated)
         0          0          0          0          0          0   (incl. Padding)

    ----------------------------------------------------------------------
         0          0          0          0          0          0   Library Totals
         0          0          0          0          0          0   (incl. Padding)

    ----------------------------------------------------------------------

==============================================================================


      Code (inc. data)   RO Data    RW Data    ZI Data      Debug   

       608        184          0         48          0        376   Grand Totals
       608        184          0         48          0        376   ELF Image Totals
       608        184          0         48          0          0   ROM Totals

==============================================================================

    Total RO  Size (Code + RO Data)                  608 (   0.59kB)
    Total RW  Size (RW Data + ZI Data)                48 (   0.05kB)
    Total ROM Size (Code + RO Data + RW Data)        656 (   0.64kB)

==============================================================================

