Component: ARM Compiler 5.05 update 2 (build 169) Tool: armlink [4d0f33]

==============================================================================

Section Cross References

    connect4.o(RESET) refers to connect4.o(globals) for BOARD


==============================================================================

Image Symbol Table

    Local Symbols

    Symbol Name                              Value     Ov Type        Size  Object(Section)

    RESET                                    0x00000000   Section     2432  connect4.o(RESET)
    connect4.s                               0x00000000   Number         0  connect4.o ABSOLUTE
    str_go                                   0x000007fc   Data           0  connect4.o(RESET)
    str_go_again                             0x00000816   Data           0  connect4.o(RESET)
    yellowPlayer                             0x00000836   Data           0  connect4.o(RESET)
    yellowWin                                0x00000878   Data           0  connect4.o(RESET)
    computerTurn                             0x000008d0   Data           0  connect4.o(RESET)
    redWin                                   0x000008ed   Data           0  connect4.o(RESET)
    row                                      0x00000903   Data          19  connect4.o(RESET)
    changeLine                               0x0000091d   Data           3  connect4.o(RESET)
    changeLine2                              0x00000920   Data           5  connect4.o(RESET)
    errorMessage                             0x00000925   Data          18  connect4.o(RESET)
    globals                                  0x40000000   Section       42  connect4.o(globals)
    BOARD                                    0x40000000   Data           7  connect4.o(globals)

    Global Symbols

    Symbol Name                              Value     Ov Type        Size  Object(Section)

    BuildAttributes$$THM_ISAv1$ARM_ISAv4$S$PE$A:L22$X:L11$S22$IEEE1$IW$USESV6$~STKCKD$USESV7$~SHL$OSPACE$EBA8$STANDARDLIB$EABIv2 0x00000000   Number         0  anon$$obj.o ABSOLUTE



==============================================================================

Memory Map of the image

  Image Entry point : 0x00000000

  Load Region LR_IROM1 (Base: 0x00000000, Size: 0x000009ac, Max: 0x00080000, ABSOLUTE)

    Execution Region ER_IROM1 (Base: 0x00000000, Size: 0x00000980, Max: 0x00080000, ABSOLUTE)

    Base Addr    Size         Type   Attr      Idx    E Section Name        Object

    0x00000000   0x00000980   Code   RO            2  * RESET               connect4.o


    Execution Region RW_IRAM1 (Base: 0x40000000, Size: 0x0000002c, Max: 0x00010000, ABSOLUTE, UNINIT)

    Base Addr    Size         Type   Attr      Idx    E Section Name        Object

    0x40000000   0x0000002a   Data   RW            1    globals             connect4.o


==============================================================================

Image component sizes


      Code (inc. data)   RO Data    RW Data    ZI Data      Debug   Object Name

      2432        388          0         42          0        756   connect4.o

    ----------------------------------------------------------------------
      2432        388          0         44          0        756   Object Totals
         0          0          0          0          0          0   (incl. Generated)
         0          0          0          2          0          0   (incl. Padding)

    ----------------------------------------------------------------------
         0          0          0          0          0          0   Library Totals
         0          0          0          0          0          0   (incl. Padding)

    ----------------------------------------------------------------------

==============================================================================


      Code (inc. data)   RO Data    RW Data    ZI Data      Debug   

      2432        388          0         44          0        756   Grand Totals
      2432        388          0         44          0        756   ELF Image Totals
      2432        388          0         44          0          0   ROM Totals

==============================================================================

    Total RO  Size (Code + RO Data)                 2432 (   2.38kB)
    Total RW  Size (RW Data + ZI Data)                44 (   0.04kB)
    Total ROM Size (Code + RO Data + RW Data)       2476 (   2.42kB)

==============================================================================

