Component: ARM Compiler 5.05 update 2 (build 169) Tool: armlink [4d0f33]

==============================================================================

Section Cross References

    lab1-addressing-modes.o(RESET) refers to lab1-addressing-modes.o(globals) for ARRAY


==============================================================================

Image Symbol Table

    Local Symbols

    Symbol Name                              Value     Ov Type        Size  Object(Section)

    RESET                                    0x00000000   Section      228  lab1-addressing-modes.o(RESET)
    lab1-addressing-modes.s                  0x00000000   Number         0  lab1-addressing-modes.o ABSOLUTE
    globals                                  0x40000000   Section       20  lab1-addressing-modes.o(globals)
    ARRAY                                    0x40000000   Data          20  lab1-addressing-modes.o(globals)

    Global Symbols

    Symbol Name                              Value     Ov Type        Size  Object(Section)

    BuildAttributes$$THM_ISAv1$ARM_ISAv4$S$PE$A:L22$X:L11$S22$IEEE1$IW$USESV6$~STKCKD$USESV7$~SHL$OSPACE$EBA8$STANDARDLIB$PRES8$EABIv2 0x00000000   Number         0  anon$$obj.o ABSOLUTE



==============================================================================

Memory Map of the image

  Image Entry point : 0x00000000

  Load Region LR_IROM1 (Base: 0x00000000, Size: 0x000000f8, Max: 0x00080000, ABSOLUTE)

    Execution Region ER_IROM1 (Base: 0x00000000, Size: 0x000000e4, Max: 0x00080000, ABSOLUTE)

    Base Addr    Size         Type   Attr      Idx    E Section Name        Object

    0x00000000   0x000000e4   Code   RO            2  * RESET               lab1-addressing-modes.o


    Execution Region RW_IRAM1 (Base: 0x40000000, Size: 0x00000014, Max: 0x00010000, ABSOLUTE, UNINIT)

    Base Addr    Size         Type   Attr      Idx    E Section Name        Object

    0x40000000   0x00000014   Data   RW            1    globals             lab1-addressing-modes.o


==============================================================================

Image component sizes


      Code (inc. data)   RO Data    RW Data    ZI Data      Debug   Object Name

       228          4          0         20          0        324   lab1-addressing-modes.o

    ----------------------------------------------------------------------
       228          4          0         20          0        324   Object Totals
         0          0          0          0          0          0   (incl. Generated)
         0          0          0          0          0          0   (incl. Padding)

    ----------------------------------------------------------------------
         0          0          0          0          0          0   Library Totals
         0          0          0          0          0          0   (incl. Padding)

    ----------------------------------------------------------------------

==============================================================================


      Code (inc. data)   RO Data    RW Data    ZI Data      Debug   

       228          4          0         20          0        324   Grand Totals
       228          4          0         20          0        324   ELF Image Totals
       228          4          0         20          0          0   ROM Totals

==============================================================================

    Total RO  Size (Code + RO Data)                  228 (   0.22kB)
    Total RW  Size (RW Data + ZI Data)                20 (   0.02kB)
    Total ROM Size (Code + RO Data + RW Data)        248 (   0.24kB)

==============================================================================

